// Jest Snapshot v1, https://goo.gl/fbAQLP

exports[`Component is rendered 1`] = `
<div>
  <h5>
    Articles
  </h5>
  <div
    className="row"
  >
    <div
      className="col s12 m8"
    >
      <ul
        className="collection"
      />
    </div>
  </div>
</div>
`;
