// Jest Snapshot v1, https://goo.gl/fbAQLP

exports[`Component is rendered 1`] = `
<div
  className="container"
/>
`;
