// Jest Snapshot v1, https://goo.gl/fbAQLP

exports[`FlashMessage is rendered 1`] = `
<div
  className="alert alert-sdfjalj center"
  id="alert"
  onClick={[Function]}
  style={
    Object {
      "margin": "0 auto",
      "width": "90%",
    }
  }
>
  asdfsajl
</div>
`;
